%!Adobe-FontList 1.20
%Locale:0x804

%BeginFont
Handler:DirectoryHandler
FontType:TrueType
FontName:DS-Digital-BoldItalic
FamilyName:DS-Digital
StyleName:Bold Italic
FullName:DS-Digital Bold Italic
MenuName:DS-Digital
StyleBits:3
WritingScript:Roman
OutlineFileName:E:\company\滤料小镇项目\最终源码\首次修改页面\滤料\src\assets\Font\DS-DIGIT.TTF
DataFormat:sfntData
hasSVG:no
VariableFontType:NonVariableFont
FileLength:25480
FileModTime:1589879047
WeightClass:700
WidthClass:5
AngleClass:0
NameArray:0,Mac,4,DS-Digital Bold Italic
NameArray:0,Win,1,DS-Digital
%EndFont

%BeginFont
Handler:DirectoryHandler
FontType:TrueType
FontName:fengguangmingrui
FamilyName:FengGuangMingRui
StyleName:Regular
FullName:FengGuangMingRui
MenuName:峰广明锐体
StyleBits:0
FamilyNameNative:峰广明锐体
StyleNameNative:正常
FullNameNative:峰广明锐体
WritingScript:SimplifiedChinese
OutlineFileName:E:\company\滤料小镇项目\最终源码\首次修改页面\滤料\src\assets\Font\FengGuangMingRuiTi-2.ttf
DataFormat:sfntData
hasSVG:no
VariableFontType:NonVariableFont
FileLength:903716
FileModTime:1587298608
WeightClass:400
WidthClass:5
AngleClass:0
NameArray:0,Mac,4,FengGuangMingRui
NameArray:0,Win,1,FengGuangMingRui
NameArray:25,Win,1,峰广明锐体
%EndFont

%BeginFont
Handler:DirectoryHandler
FontType:Type1
FontName:Furore
FamilyName:Furore
StyleName:Regular
FullName:Furore
MenuName:Furore
StyleBits:0
FamilyNameNative:Furore
StyleNameNative:Regular
FullNameNative:Furore Regular
WritingScript:Cyrillic
OutlineFileName:E:\company\滤料小镇项目\最终源码\首次修改页面\滤料\src\assets\Font\Furore-2.otf
DataFormat:sfntData
UsesStandardEncoding:yes
isCFF:yes
hasSVG:no
VariableFontType:NonVariableFont
FileLength:16116
FileModTime:1567092698
WeightClass:400
WidthClass:5
AngleClass:0
NameArray:0,Mac,4,Furore
NameArray:0,Win,1,Furore
%EndFont

%BeginFont
Handler:DirectoryHandler
FontType:TrueType
FontName:HYk2gj
FamilyName:HYLingXinJ
StyleName:regular
FullName:HYLingXinJ
MenuName:汉仪菱心体简
StyleBits:0
FamilyNameNative:汉仪菱心体简
StyleNameNative:regular
FullNameNative:汉仪菱心体简
WritingScript:SimplifiedChinese
OutlineFileName:E:\company\滤料小镇项目\最终源码\首次修改页面\滤料\src\assets\Font\汉仪菱心体简.ttf
DataFormat:sfntData
hasSVG:no
VariableFontType:NonVariableFont
FileLength:1573528
FileModTime:1130720512
WeightClass:400
WidthClass:5
AngleClass:0
NameArray:0,Mac,4,HYLingXinJ
NameArray:25,Mac,4,汉仪菱心体简
NameArray:25,Win,1,汉仪菱心体简
NameArray:25,Win,1,몺틇쇢탄쳥볲
%EndFont

